// Jest Snapshot v1, https://goo.gl/fbAQLP

exports[`calculator test renders correctly 1`] = `undefined`;

exports[`renders correctly 1`] = `undefined`;
